[   0.000000] Initializin coup ubsy cust
[    0.0000] Intiizingcgup sbsys cpu
[    0.000000] Initializing cgroup subsys cpuacct
[    0.000000] Linux version 4.4.0-47-generic (buildd@lgw019) (gccveion 5..0016060(Ubunu 4.0-6untu1~16..2 ) #68-Ubuntu SP d Oct2619:39:59 UTC 2016 (Ubuntu 4.4.0-47.68-generic 4.4.24)
[    0.000000] KERNEL supported cpus:
[    0.0000]   Intel GenuineIntel
[    0.00000]   AMD AuthenticAMD
[    0.000000]   NSC Geode by NSC
[    0.000000]   Cyrix CyrixInstead
[    0.000000]   Centaur CentaurHauls
[    0.000000]   Transmeta GenuiTMx86
  0.0000   TranmetaTransmetaCPU
[    0.000000]   UMC UMC UMC UMC
   0.000000] x86/fpuxsate_ofset2]:  576, xstate_sizes[2]:  256
[    0.000000] x86/fpu: Supporting XSAVEfeature 0x01: x87 lotig point registers'
[    0.000000] x86/fpu: Supporting XSAVE eare 0x02: 'SS rgite'
[    0.000000]x8fpu: Supportig AVE fetue 0x4:'AX registers'
[   .00000] x86/fpu: Enbld ste fetus 0x, onxtsize is 832 bytes, using 'standard' format.
[    0.000000] x86/fpu: Using 'lazy' FPU context switches.
[    0.000000] e820: BIOS-provided physical RAM map:
[  0000000] BIOS-e820: [mem x00000000000-0x000000009fff] usabl
[    0.000000] BIOS-e820: [mem 0x000000000009fc00-0x000000000009ffff] reserved
[   0.0000] BIOS-e820: [mem 0x00000000000f0000-0000000000fffff] reserved
[    0.000000] BIOS-e820: [mem 0x0000000000100000-0x000000003ffeffff] usable
[    0.000000] BIOS-e820: [mem 0x000003ff0000x00000003fffff] CP dta[   0.00000BIOS-e820:me 0x0000000fec00000-0x00000000fec00fff] reserved
[   0.000] BIOS-e820: [mem 0x00000000fee00000-0x00000000fee0fff] reserved
[    0.000000] BIOS-e820: [mem 0x00000000fffc0000-0x00000000ffffffff] reserved
[    0.00000]  (xeutDisae)prteion: active
[    0.000000] SMBIOS 2.5 present.
  0.00000 Hypervisor detected: KVM
[    0.000000] e820: last_pfn = 0x3fff0 max_ach_pfn =  0x10000[   0.000000] MTRR: Disabled
[    0.000000] x86/PAT: MTRsdiable, skipping PAT initialization too.
[    0.000000] x86/PAT: Configuration [0-7]: WB WT UC- UC WBWT  UC-UC
[  0.000000] CPU MTRRs all blank - virtualized system.
[    0.00000] found SMP MP-table at [mem 0x0009fff-0009fff]mapedt [c09f0][   0.000000] Scannin 1reas fo l memrycorruption
[    .0000]AMISK:[m  0x36994000-0x374c1fff]
[    0.000000] ACPI: Early table checksum verification disabled
[    0.000000] ACPI: RSDP 0x00000000000E0000 000024 (v02 VBOX  )
[    0.00000] ACPI: XSDT 0x000000003FFF0030 0003 (v01 VBOX   VBOXXSDT 0000001 AL  0000061)
[    0.000000] ACPI: FACP 0x000000003FFF00F0 0000F4 (v04 VBOX   VBOXFACP 00000001 ASL  00000061)
[    0.000000 AII: DSDT 0x000000003FFF0470 00210F (v01 VBOX   VBOXBIOS 00000002 INTL 20100528)
[    0.000000] ACPI: FACS 0x000000003FFF0200 000040[    .0000] ACPI: FACS 0x0000003FF020 0040
[    0.000000] ACPI: AIC0x000000003FFF0240 00005C (v02 VBOX   VBOXAPIC 00000001 ASL  00000061)
[    0.000] ACPI: SSDT 0x000000003FFF02A0 0001CC (v01 VBOX   VBOXCUT000002 NTL 0100528)
[    0.000000] 131MB HIGHMEM available.
[    0.000000] 891MB OWEM ailble.[   .00000]   mapped low ram: 0 -37e000
   0.0000] lowra 0 - 37bfe000
[   0.000000] kvm-clock: Using msrs 4b564d01 and 4b564d0
[    0.000000] kvm-clock: cu , sr :3fd00, riary cp clock
[    0.0000] kvm-clock: using sched offset of 4023794658 cycles
[    0.000000] clocksource: kvm-clock: mask: 0xffffffffffffffff max_cycles: 0x1cd42e4dffb, max_idle_ns: 81590591483 ns
[    0.000000] Zone ranges:
[    0.000000]   DMA      [mem x000000001000-0x0000000000fffff]
[   .00000  ormal  [m 0x0000001000000-0x000000007bfff]
[  0.000000]   HighMem  [mem 0x0000000037bfe000-0x000000003ffeffff]
[    0.000000] Movable zone start for each node
[    0.0000] Early memory node ranges
[   00000] node  0[mem 0000000000100-0x000000000009efff]
[    0.000000]   node   0: [mem 0x00000000100000-0x000000003ffeffff
[    .00000] Initmem setup node 0 [mem 0x0000000000001000-0x000000003ffeffff]
[    0.000000] Using APIC driver eful
[    0.000000] API: PM-Timer IO Port: 0x4008
[   0.000] IOAPIC[0]: apic_id 2, version 32, address 0xfec00000, GSI 0-23
[   000000]CPI:INSRC_OVR (bus0 s_irq 0loal_iq dfl l)
[  0.0000] PI: T_RC_OR us 0 bus_irq9 loal_irq 9 high level)
[    0.00000] UsinACI AD) for SMP configuraon iormation
  0.00000smpboot: Allowing 2 CPUs, 0 hotplug CPUs
[    0.000000] PM: Registered nosave memory: [mem 0x00000000-0x00000fff]
[    0.00000] : Regierd nosave memory: [mem 0x0009f000-0x0009ffff]
[    0.000000] PM: Registered nosave memory: [mem 0x00a00-000ffff][   0.000] PM Risteedosave memory: [memx00f0000-0x000fffff]
[    0.000000] e820: [mem 0x40000000-0xfebfffff] availabe fr CI devce
[    0.000000] Booting paravirtualized kernel on KVM
[    0.000000] clckouce: efne-jifie mas: ffffffffmacycls: 0xffffffff, max_idle_ns: 7645519600211568 ns
[    0.000000] setup_percpu: NR_CPUS:8 nr_cpumask_bits8 nrcpids:2 nr_node_ids:1
[    0.000000] PERCPU: Embedded 9 ges/puf76b00s47436 r0 d30388 u77824
[    0.000000]PVspinochashtae enri: 51 (der:0,096 bytes)
   0000000 Bil 1 zelists in Zon oer, moiltygrouping on.  Total pages: 259800
[    0.000000] Kernel command line: BOOT_IMAGE=/boot/vmlinuz-4.4.0-47-generic root=UUID=e401e7e8-f458-48b5-af79-798d850842a5 ro console=tty1 console=ttyS0
[    0.000] PD as tab etres4096 orer 2, 16384 bytes)
[   000000 Dnty cae ash table entries: 131072 (order: 7, 524288 bytes)
[    0.000000] Inode-cache hash table entries: 65536(oer: 6 2144 yt)
[   0.00000 Itialzi CPU#0
[   00000]nitializing HighMem for node 0 (00037bfe:0003fff0)
[    0.000000] Initializing Movable for node 0 (00000000:00000000)
[    0.000000] Memory: 1011568K/1048120K ailble (7908K kernl ode, 74Kwdat, 40K daa,40K init,800Kbss, 36552K reserved, 0K cma-reserved, 135112K highmem)
[    0.000000] virtual kernel memory layout:
[    0.000000]     fixma   0xff1500 - 0xfffff000   ( 936 kB)
[    0.000000]     pkmap   : 0xffc00000 - 0xffe00000   (2048 kB)
[    0.000000]     vmalloc : 0xf83fe000 - 0xffbfe000   ( 120 MB)
[    0.000000]     lowmem  : 0xc0000000 - 0xf7bfe000   ( 891 MB)
[    0.000000]       .init : 0xc1b8000 - 0x1c78000   (94kB)
   000000      ata : 0c17b953  0c1b3c0 (911 )[    .0000]     .tet  0c10000-- 0xc17b9583   (7909 kB)
[   00000]hecking  tis prceor hoous the WP bit even insupervior mod..Ok.
[    0.000000] SLUB: HWalign=64, Order=0-3, MinObjects=0, CPs=2, Nodes=1
[    0.00000] Hierarchical RC implementation.
[    0.000000 	Buil-tmeadjutment of leaf fanout to 32.
[    0.000000] 	RCU restricting CPUs from NR_CPUS=8 to nr_cpu_ids=2.
[    0.000000] RCU: Adjusting eometryfo rcu_fanot_af=32, nr_cp_ids
[   0.0000] R_IRQS:2304 nr_irqs:440 16
[    0.00000Console: clour VGA+ 80x25
[    0.000000] console [tty1] enabled
[    0.000000] console [ttyS0] enabled
[   00000] llated10576 bteof pge_ext
[  0.000000] tsc: Detected 2194.918 MHz processor
[   13.422065] Calibrating delay loop (skipped) preset value.. 4389.83 BogoMIPS (lpj=8779672)
[   13.459595] pid_max: default: 32768 minimum: 301
[   13.496299] ACPI: Core revision 20150930
[   13.498342] ACPI: 2 ACPI AML tables successfully acquired and loaded
[   13.572538] Security Framework initialized
[   13.600401] Yama: becoming mindful.
[   13.658304] AppArmor: AppArmor initialized
[   13.661194] Mount-cache hash table entries: 2048 (order: 1, 8192 bytes)
[   13.673006] Mountpoint-cache hash table entries: 2048 (order: 1, 8192 bytes)
[   13.690754] Initializing cgroup subsys io
[   13.696157] Initializing cgroup subsys memory
[   13.740240] Initializing cgroup subsys devices
[   13.758074] Initializing cgroup subsys freezer
[   13.760480] Initializing cgroup subsys net_cls
[   13.795170] Initializing cgroup subsys perf_event
[   13.796098] Initializing cgroup subsys net_prio
[   13.811545] Initializing cgroup subsys hugetlb
[   13.834788] Initializing cgroup subsys pids
[   13.858169] CPU: Physical Processor ID: 0
[   13.888823] CPU: Processor Core ID: 0
[   13.891694] mce: CPU supports 0 MCE banks
[   13.896182] Last level iTLB entries: 4KB 64, 2MB 8, 4MB 8
[   13.944511] Last level dTLB entries: 4KB 64, 2MB 0, 4MB 0, 1GB 4
[   13.948760] Freeing SMP alternatives memory: 28K (c1c78000 - c1c7f000)
[   13.970423] ftrace: allocating 31334 entries in 62 pages
[   14.051279] smpboot: Max logical packages: 1
[   14.067697] smpboot: APIC(0) Converting physical 0 to logical package 0
[   14.076171] Enabling APIC mode:  Flat.  Using 1 I/O APICs
[   14.092263] ..TIMER: vector=0x30 apic1=0 pin1=2 apic2=-1 pin2=-1
[   14.215181] smpboot: CPU0: Intel(R) Core(TM) i5-5200U CPU @ 2.20GHz (family: 0x6, model: 0x3d, stepping: 0x4)
[   14.325267] Performance Events: unsupported p6 CPU model 61 no PMU driver, software events only.
[   14.395830] KVM setup paravirtual spinlock
[   14.411041] x86: Booting SMP configuration:
[   14.442774] .... node  #0, CPUs:      #1
[1266874885.685756] Initializing CPU#1
[   14.455258] kvm-clock: cpu 1, msr 0:37bfd041, secondary cpu clock
[   14.459836] mce: CPU supports 0 MCE banks
[   14.468537] x86: Booted up 1 node, 2 CPUs
[   14.488357] smpboot: Total of 2 processors activated (8779.67 BogoMIPS)
[   14.513413] devtmpfs: initialized
[   14.522085] evm: security.selinux
[   14.555152] evm: security.SMACK64
[   14.586282] evm: security.SMACK64EXEC
[   14.635737] evm: security.SMACK64TRANSMUTE
[   14.656063] evm: security.SMACK64MMAP
[   14.659146] evm: security.ima
[   14.673285] evm: security.capability
[   14.696286] clocksource: jiffies: mask: 0xffffffff max_cycles: 0xffffffff, max_idle_ns: 7645041785100000 ns
[   14.705021] pinctrl core: initialized pinctrl subsystem
[   14.750417] RTC time: 20:55:59, date: 12/13/16
[   14.765620] NET: Registered protocol family 16
[   14.775039] EISA bus registered
[   14.811511] cpuidle: using governor ladder
[   14.842786] cpuidle: using governor menu
[   14.891109] PCCT header not found.
[   14.900106] ACPI: bus type PCI registered
[   14.914361] acpiphp: ACPI Hot Plug PCI Controller Driver version: 0.5
[   15.016562] PCI : PCI BIOS area is rw and x. Use pci=nobios if you want it NX.
[   15.056054] PCI: PCI BIOS revision 2.10 entry at 0xfda26, last bus=0
[   15.089792] PCI: Using configuration type 1 for base access
[   15.180459] ACPI: Added _OSI(Module Device)
[   15.260984] ACPI: Added _OSI(Processor Device)
[   15.318650] ACPI: Added _OSI(3.0 _SCP Extensions)
[   15.377433] ACPI: Added _OSI(Processor Aggregator Device)
[   15.387825] ACPI: Executed 1 blocks of module-level executable AML code
[   15.454244] ACPI: Interpreter enabled
[   15.482436] ACPI: (supports S0 S5)
[   15.523621] ACPI: Using IOAPIC for interrupt routing
[   15.524793] PCI: Using host bridge windows from ACPI; if necessary, use "pci=nocrs" and report a bug
[   15.530207] ACPI: PCI Root Bridge [PCI0] (domain 0000 [bus 00-ff])
[   15.562744] acpi PNP0A03:00: _OSC: OS supports [ASPM ClockPM Segments MSI]
[   15.615946] acpi PNP0A03:00: _OSC failed (AE_NOT_FOUND); disabling ASPM
[   15.713174] acpi PNP0A03:00: fail to add MMCONFIG information, can't access extended PCI configuration space under this bridge.
[   15.791328] PCI host bridge to bus 0000:00
[   15.822826] pci_bus 0000:00: root bus resource [io  0x0000-0x0cf7 window]
[   15.844469] pci_bus 0000:00: root bus resource [io  0x0d00-0xffff window]
[   15.876643] pci_bus 0000:00: root bus resource [mem 0x000a0000-0x000bffff window]
[   15.878265] pci_bus 0000:00: root bus resource [mem 0x40000000-0xffdfffff window]
[   15.894487] pci_bus 0000:00: root bus resource [bus 00-ff]
[   15.975017] pci 0000:00:01.1: legacy IDE quirk: reg 0x10: [io  0x01f0-0x01f7]
[   15.979253] pci 0000:00:01.1: legacy IDE quirk: reg 0x14: [io  0x03f6]
[   16.078077] pci 0000:00:01.1: legacy IDE quirk: reg 0x18: [io  0x0170-0x0177]
[   16.099348] pci 0000:00:01.1: legacy IDE quirk: reg 0x1c: [io  0x0376]
[   16.162513] pci 0000:00:07.0: quirk: [io  0x4000-0x403f] claimed by PIIX4 ACPI
[   16.201073] pci 0000:00:07.0: quirk: [io  0x4100-0x410f] claimed by PIIX4 SMB
[   16.243239] ACPI: PCI Interrupt Link [LNKA] (IRQs 5 9 10 *11)
[   16.313659] ACPI: PCI Interrupt Link [LNKB] (IRQs 5 9 10 *11)
[   16.336295] ACPI: PCI Interrupt Link [LNKC] (IRQs 5 9 *10 11)
[   16.425539] ACPI: PCI Interrupt Link [LNKD] (IRQs 5 *9 10 11)
[   16.517740] ACPI: Enabled 2 GPEs in block 00 to 07
[   16.579271] vgaarb: setting as boot device: PCI:0000:00:02.0
[   16.649480] vgaarb: device added: PCI:0000:00:02.0,decodes=io+mem,owns=io+mem,locks=none
[   16.672834] vgaarb: loaded
[   16.675006] vgaarb: bridge control possible 0000:00:02.0
[   16.676947] SCSI subsystem initialized
[   16.678447] ACPI: bus type USB registered
[   16.679754] usbcore: registered new interface driver usbfs
[   16.695632] usbcore: registered new interface driver hub
[   16.696679] usbcore: registered new device driver usb
[   16.728542] PCI: Using ACPI for IRQ routing
[   16.742703] NetLabel: Initializing
[   16.755718] NetLabel:  domain hash size = 128
[   16.756624] NetLabel:  protocols = UNLABELED CIPSOv4
[   16.757604] NetLabel:  unlabeled traffic allowed by default
[   16.761984] amd_nb: Cannot enumerate AMD northbridges
[   16.799629] clocksource: Switched to clocksource kvm-clock
[   16.875969] AppArmor: AppArmor Filesystem Enabled
[   16.883224] pnp: PnP ACPI init
[ 16885131] pnp: PnP ACPI: found3 vis  17260]PnIO Dabd  AI P
[ 177823 clocksource: acpi_pm: mask: 0xffffff max_cycles0xff, x_idle_ns: 2085701024 ns
[   18.181282] NET: Registered prtol mi 2
[   184161TCesblheha tlenties:812 orer 3328 te
[   9.459]CPinha tlentes812 orde:  653bytes)
[   20.149006] TCP: Hash tables configured (established 8192 bind 8192)
[   20.151669] UDP hash table entres51(oer2, 16384 bytes)
[   0.36] UDP-Lite hshabe trs:12orer: , 63 bytes)

[   21.090273] NET: Registered protocol family 1
[  2093514] ci 0000:00:00.0: Limiting direct PCI/PCI transfers
[   21.21667pc00:00:1. ActivatngSAMAanwoarnd
[  21.200]ryngo pa rotfs imae  itrfs.
[   22.894451] Freeing initrd memory: 11448K (f6994000 - f74c2000)
[   23.018309] RAPL PMU detected, API unit is 2^-32 Joules, 4 fixed counters 10737418240 ms ovfl timer
[   23.100347] hw unit of domain pp0-core 2^-0 Joules
[   23.108975] hw unit of domain package 2^-0 Joules
[   23.117460] hw unit of domain dram 2^-0 Joules
[   23.119504] hw unit of domain pp1-gpu 2^-0 Joules
[   23.126171] platform rtc_cmos: registered platform RTC device (no PNP device found)
[   23.162608] Scanning for low memory corruption every 60 seconds
[   23.183594] futex hash table entries: 512 (order: 3, 32768 bytes)
[   23.210618] audit: initializing netlink subsys (disabled)
[   23.220468] audit: type=2000 audit(1481662557.602:1): initialized
[   23.251370] Initialise system trusted keyring
[   23.266417] HugeTLB registered 2 MB page size, pre-allocated 0 pages
[   23.277177] zbud: loaded
[   23.286036] VFS: Disk quotas dquot_6.6.0
[   23.341767] VFS: Dquot-cache hash table entries: 1024 (order 0, 4096 bytes)
[   23.365456] squashfs: version 4.0 (2009/01/31) Phillip Lougher
[   23.373226] fuse init (API version 7.23)
[   23.385131] Key type big_key registered
[   23.393291] Allocating IMA MOK and blacklist keyrings.
[   23.415318] Key type asymmetric registered
[   23.431619] Asymmetric key parser 'x509' registered
[   23.451116] bounce: pool size: 64 pages
[   23.452317] Block layer SCSI generic (bsg) driver version 0.4 loaded (major 249)
[   23.458948] io scheduler noop registered
[   23.459792] io scheduler deadline registered (default)
[   23.465151] io scheduler cfq registered
[   23.466094] pci_hotplug: PCI Hot Plug PCI Core version: 0.5
[   23.467155] pciehp: PCI Express Hot Plug Controller Driver version: 0.4
[   23.468579] ACPI: AC Adapter [AC] (on-line)
[   23.470462] input: Power Button as /devices/LNXSYSTM:00/LNXPWRBN:00/input/input0
[   23.473791] ACPI: Power Button [PWRF]
[   23.476678] input: Sleep Button as /devices/LNXSYSTM:00/LNXSLPBN:00/input/input1
[   23.478226] ACPI: Sleep Button [SLPF]
[   23.479256] GHES: HEST is not enabled!
[   23.480613] ACPI: Battery Slot [BAT0] (battery present)
[   3.35] sap:cainfoPn cars.
ÿ[   235359 Sia 80/55drve, 32 ports, IRQ sarngnaed
[   24.074215] 00:02: ttyS0 at I/O 0x3f8 (irq = 4, base_baud = 115200) is a 16550A
[   24.690885] tsc: Refined TSC clocksource calibration: 2194.642 MHz
[   24.690887] clocksource: tsc: mask: 0xffffffffffffffff max_cycles: 0x1fa26d87520, max_idle_ns: 440795289676 ns
[   24.692238] Linux agpgart interface v0.103
[   24.723478] brd: module loaded
[   24.724842] loop: module loaded
[   24.725600] scsi host0: ata_piix
[   24.725698] scsi host1: ata_piix
[   24.725748] ata1: PATA max UDMA/33 cmd 0x1f0 ctl 0x3f6 bmdma 0xd000 irq 14
[   24.725749] ata2: PATA max UDMA/33 cmd 0x170 ctl 0x376 bmdma 0xd008 irq 15
[   24.725872] libphy: Fixed MDIO Bus: probed
[   24.725875] tun: Universal TUN/TAP device driver, 1.6
[   24.725876] tun: (C) 1999-2004 Max Krasnyansky <maxk@qualcomm.com>
[   24.725932] PPP generic driver version 2.4.2
[   24.725999] ehci_hcd: USB 2.0 'Enhanced' Host Controller (EHCI) Driver
[   24.726004] ehci-pci: EHCI PCI platform driver
[   24.726017] ehci-platform: EHCI generic platform driver
[   24.726028] ohci_hcd: USB 1.1 'Open' Host Controller (OHCI) Driver
[   24.726036] ohci-pci: OHCI PCI platform driver
[   24.726048] ohci-platform: OHCI generic platform driver
[   24.726058] uhci_hcd: USB Universal Host Controller Interface driver
[   24.726150] i8042: PNP: PS/2 Controller [PNP0303:PS2K,PNP0f03:PS2M] at 0x60,0x64 irq 1,12
[   24.726823] serio: i8042 KBD port at 0x60,0x64 irq 1
[   24.726830] serio: i8042 AUX port at 0x60,0x64 irq 12
[   24.726992] mousedev: PS/2 mouse device common for all mice
[   24.727408] input: AT Translated Set 2 keyboard as /devices/platform/i8042/serio0/input/input2
[   24.727895] rtc_cmos rtc_cmos: rtc core: registered rtc_cmos as rtc0
[   24.727971] rtc_cmos rtc_cmos: alarms up to one day, 114 bytes nvram
[   24.727981] i2c /dev entries driver
[   24.728050] device-mapper: uevent: version 1.0.3
[   24.728148] device-mapper: ioctl: 4.34.0-ioctl (2015-10-28) initialised: dm-devel@redhat.com
[   24.728180] platform eisa.0: Probing EISA bus 0
[   24.728181] platform eisa.0: EISA: Cannot allocate resource for mainboard
[   24.728183] platform eisa.0: Cannot allocate resource for EISA slot 1
[   24.728184] platform eisa.0: Cannot allocate resource for EISA slot 2
[   24.728186] platform eisa.0: Cannot allocate resource for EISA slot 3
[   24.728201] platform eisa.0: Cannot allocate resource for EISA slot 4
[   24.728203] platform eisa.0: Cannot allocate resource for EISA slot 5
[   24.728204] platform eisa.0: Cannot allocate resource for EISA slot 6
[   24.728206] platform eisa.0: Cannot allocate resource for EISA slot 7
[   24.728207] platform eisa.0: Cannot allocate resource for EISA slot 8
[   24.728208] platform eisa.0: EISA: Detected 0 cards
[   24.728229] cpufreq-nforce2: No nForce2 chipset.
[   24.728237] ledtrig-cpu: registered to indicate activity on CPUs
[   24.728661] NET: Registered protocol family 10
[   24.728948] NET: Registered protocol family 17
[   24.728959] Key type dns_resolver registered
[   24.759918] microcode: CPU0 sig=0x306d4, pf=0x40, revision=0x0
[   24.759941] microcode: CPU1 sig=0x306d4, pf=0x40, revision=0x0
[   24.760000] microcode: Microcode Update Driver: v2.01 <tigran@aivazian.fsnet.co.uk>, Peter Oruba
[   24.760016] Using IPI No-Shortcut mode
[   24.760130] registered taskstats version 1
[   24.760145] Loading compiled-in X.509 certificates
[   24.763954] Loaded X.509 cert 'Build time autogenerated kernel key: b305dbeb121bc4f04f536b0eea5042498bb47c7e'
[   24.763985] zswap: loaded using pool lzo/zbud
[   24.770563] Key type trusted registered
[   24.773872] Key type encrypted registered
[   24.773878] AppArmor: AppArmor sha1 policy hashing enabled
[   24.773880] ima: No TPM chip found, activating TPM-bypass!
[   24.773897] evm: HMAC attrs: 0x1
[   24.774182]   Magic number: 12:28:953
[   24.777658] rtc_cmos rtc_cmos: setting system clock to 2016-12-13 20:56:09 UTC (1481662569)
[   24.777737] BIOS EDD facility v0.16 2004-Jun-25, 0 devices found
[   24.777737] EDD information not available.
[   27.046819] isapnp: No Plug & Play device found
[   27.104193] Freeing unused kernel memory: 940K (c1b8d000 - c1c78000)
[   27.172000] Write protecting the kernel text: 7912k
[   27.202314] Write protecting the kernel read-only data: 3144k
[   27.238572] NX-protecting the kernel data: 6424k
Loading, please wait...
starting version[   27.257841] random: systemd-udevd: uninitialized urandom read (16 bytes read, 2 bits of entropy available)
 229
[   27.258514] random: udevadm: uninitialized urandom read (16 bytes read, 2 bits of entropy available)
[   27.258608] random: udevadm: uninitialized urandom read (16 bytes read, 2 bits of entropy available)
[   27.258800] random: udevadm: uninitialized urandom read (16 bytes read, 2 bits of entropy available)
[   27.258868] random: udevadm: uninitialized urandom read (16 bytes read, 2 bits of entropy available)
[   27.258932] random: udevadm: uninitialized urandom read (16 bytes read, 2 bits of entropy available)
[   27.259006] random: udevadm: uninitialized urandom read (16 bytes read, 2 bits of entropy available)
[   27.259082] random: udevadm: uninitialized urandom read (16 bytes read, 2 bits of entropy available)
[   27.259176] random: udevadm: uninitialized urandom read (16 bytes read, 2 bits of entropy available)
[   27.259243] random: udevadm: uninitialized urandom read (16 bytes read, 2 bits of entropy available)
[   27.667265] e1000: Intel(R) PRO/1000 Network Driver - version 7.3.21-k8-NAPI
[   27.671147] e1000: Copyright (c) 1999-2006 Intel Corporation.
[   27.743258] Fusion MPT base driver 3.04.20
[   27.758684] Copyright (c) 1999-2008 LSI Corporation
[   28.037282] Fusion MPT SPI Host driver 3.04.20
[   28.077775] input: ImExPS/2 Generic Explorer Mouse as /devices/platform/i8042/serio1/input/input4
[   28.358113] e1000 0000:00:03.0 eth0: (PCI:33MHz:32-bit) 02:0f:4e:0b:d6:d4
[   28.374782] e1000 0000:00:03.0 eth0: Intel(R) PRO/1000 Network Connection
[   28.987831] e1000 0000:00:08.0 eth1: (PCI:33MHz:32-bit) 08:00:27:13:ce:2d
[   29.076441] e1000 0000:00:08.0 eth1: Intel(R) PRO/1000 Network Connection
[   29.096435] e1000 0000:00:08.0 enp0s8: renamed from eth1
[   29.130233] mptbase: ioc0: Initiating bringup
[   29.152295] e1000 0000:00:03.0 enp0s3: renamed from eth0
[   29.220288] ioc0: LSI53C1030 A0: Capabilities={Initiator}
[   29.472360] scsi host2: ioc0: LSI53C1030 A0, FwRev=00000000h, Ports=1, MaxQ=256, IRQ=20
[   29.697218] scsi 2:0:0:0: Direct-Access     VBOX     HARDDISK         1.0  PQ: 0 ANSI: 5
[   29.762657] scsi target2:0:0: Beginning Domain Validation
[   29.782896] scsi target2:0:0: Domain Validation skipping write tests
[   29.844980] scsi target2:0:0: Ending Domain Validation
[   29.860893] scsi target2:0:0: asynchronous
[   29.870313] scsi 2:0:1:0: Direct-Access     VBOX     HARDDISK         1.0  PQ: 0 ANSI: 5
[   29.886926] scsi target2:0:1: Beginning Domain Validation
[   29.888941] scsi target2:0:1: Domain Validation skipping write tests
[   29.916018] scsi target2:0:1: Ending Domain Validation
[   29.930746] scsi target2:0:1: asynchronous
[   29.941202] sd 2:0:0:0: Attached scsi generic sg0 type 0
[   30.021071] sd 2:0:0:0: [sda] 20971520 512-byte logical blocks: (10.7 GB/10.0 GiB)
[   30.021347] sd 2:0:1:0: Attached scsi generic sg1 type 0
[   30.021584] sd 2:0:1:0: [sdb] 20480 512-byte logical blocks: (10.5 MB/10.0 MiB)
[   30.021803] sd 2:0:1:0: [sdb] Write Protect is off
[   30.021949] sd 2:0:1:0: [sdb] Incomplete mode parameter data
[   30.021951] sd 2:0:1:0: [sdb] Assuming drive cache: write through
[   30.047875] sd 2:0:1:0: [sdb] Attached SCSI disk
[   30.241209] sd 2:0:0:0: [sda] Write Protect is off
[   30.245876] sd 2:0:0:0: [sda] Incomplete mode parameter data
[   30.246966] sd 2:0:0:0: [sda] Assuming drive cache: write through
[   30.259765]  sda: sda1
[   30.268008] sd 2:0:0:0: [sda] Attached SCSI disk
[   30.808246] floppy0: no floppy controllers found
Begin: Loading essential drivers[   32.251640] md: linear personality registered for level -1
 ... [   32.281540] md: multipath personality registered for level -4
[   32.344909] md: raid0 personality registered for level 0
[   32.367381] md: raid1 personality registered for level 1
[   32.455724] raid6: mmxx1    gen()  3545 MB/s
[   32.531773] raid6: mmxx2    gen()  4652 MB/s
[   32.667887] raid6: sse1x1   gen()  3922 MB/s
[   32.788018] raid6: sse1x2   gen()  4541 MB/s
[   32.931678] raid6: sse2x1   gen()  7558 MB/s
[   33.059669] raid6: sse2x1   xor()  5918 MB/s
[   33.159670] raid6: sse2x2   gen()  9572 MB/s
[   33.235719] raid6: sse2x2   xor()  6223 MB/s
[   33.303434] raid6: using algorithm sse2x2 gen() 9572 MB/s
[   33.351585] raid6: .... xor() 6223 MB/s, rmw enabled
[   33.407927] raid6: using ssse3x1 recovery algorithm
[   33.426763] xor: automatically using best checksumming function:
[   33.483861]    avx       : 16818.000 MB/sec
[   33.502174] async_tx: api initialized (async)
[   33.535237] md: raid6 personality registered for level 6
[   33.593671] md: raid5 personality registered for level 5
[   33.680090] md: raid4 personality registered for level 4
[   33.792724] md: raid10 personality registered for level 10
done.
Begin: Running /scripts/init-premount ... done.
Begin: Mounting root file system ... Begin: Running /scripts/local-top ... done.
Begin: Running /scripts/local-premount ... [   33.849187] Btrfs loaded
Scanning for Btrfs filesystems
done.
Warning: fsck not present, so skipping root file system
[   33.970411] EXT4-fs (sda1): mounted filesystem with ordered data mode. Opts: (null)
done.
Begin: Running /scripts/local-bottom ... done.
Begin: Running /scripts/init-bottom ... Warning: overlayroot: debug is busted
done.
[   36.565032] random: nonblocking pool is initialized
[   37.631064] systemd[1]: systemd 229 running in system mode. (+PAM +AUDIT +SELINUX +IMA +APPARMOR +SMACK +SYSVINIT +UTMP +LIBCRYPTSETUP +GCRYPT +GNUTLS +ACL +XZ -LZ4 +SECCOMP +BLKID +ELFUTILS +KMOD -IDN)
[   37.727326] systemd[1]: Detected virtualization oracle.
[   37.731065] systemd[1]: Detected architecture x86.

Welcome to [1mUbuntu 16.04.1 LTS[0m!

[   37.844708] systemd[1]: Set hostname to <ubuntu-xenial>.
[   40.050781] systemd[1]: Listening on Journal Audit Socket.
[[0;32m  OK  [0m] Listening on Journal Audit Socket.
[   40.172313] systemd[1]: Listening on Device-mapper event daemon FIFOs.
[[0;32m  OK  [0m] Listening on Device-mapper event daemon FIFOs.
[   40.227418] systemd[1]: Reached target Swap.
[[0;32m  OK  [0m] Reached target Swap.
[   40.260954] systemd[1]: Reached target User and Group Name Lookups.
[[0;32m  OK  [0m] Reached target User and Group Name Lookups.
[   40.384180] systemd[1]: Listening on Syslog Socket.
[[0;32m  OK  [0m] Listening on Syslog Socket.
[   40.387837] systemd[1]: Listening on Journal Socket.
[[0;32m  OK  [0m] Listening on Journal Socket.
[   40.397611] systemd[1]: Created slice System Slice.
[[0;32m  OK  [0m] Created slice System Slice.
[   40.532552] systemd[1]: Starting Load Kernel Modules...
         Starting Load Kernel Modules...
[   40.600670] systemd[1]: Mounting Huge Pages File System...
         Mounting Huge Pages File System...
[   40.676417] systemd[1]: Created slice system-serial\x2dgetty.slice.
[[0;32m  OK  [0m] Created slice system-serial\x2dgetty.slice.
[   40.844227] systemd[1]: Starting Set console keymap...
         Starting Set console keymap...
[   40.929473] systemd[1]: Starting Remount Root and Kernel File Systems...
         Starting Remount Root and Kernel File Systems...
[   40.941303] systemd[1]: Listening on /dev/initctl Compatibility Named Pipe.
[[0;32m  OK  [0m] Listening on [   41.007520] Loading iSCSI transport class v2.0-870.
/dev/initctl Compatibility Named[   41.047016] EXT4-fs (sda1): re-mounted. Opts: (null)
 Pipe.
[   41.076835] systemd[1]: Listening on udev Control Socket.
[[0;32m  OK  [0m] Listening on udev Control Socket.
[   41.124404] systemd[1]: Listening on LVM2 metadata daemon socket.
[[0;32m  OK  [0m] Listening on LVM2 metadata daemon socket.
[   41.152023] systemd[1]: Mounting Debug File System...
         Mounting Debug F[   41.167658] iscsi: registered transport (tcp)
ile System...
[   41.180466] systemd[1]: Reached target Encrypted Volumes.
[[0;32m  OK  [0m] Reached target Encrypted Volumes.
[   41.220083] systemd[1]: Starting Uncomplicated firewall...
         Starting Uncomplicated firewall...
[   41.300685] systemd[1]: Created slice User and Session Slice.
[[0;32m  OK  [0m] Created slice User and Session Slice.
[   41.396355] systemd[1]: Reached target Slices.
[[0;32m  OK  [0m] Reached target Slices.
[   41.440077] systemd[1]: Listening on udev Kernel Socket.
[[0;32m  OK  [0m] Listening on[   41.467055] iscsi: registered transport (iser)
 udev Kernel Socket.
[   41.526659] systemd[1]: Set up automount Arbitrary Executable File Formats File System Automount Point.
[[0;32m  OK  [0m] Set up automount Arbitrary Executab...ats File System Automount Point.
[   41633623syem[1]:Stted orwad Passwd quests to Wall Directory Watch.
[[0;32m  OK  [0m] Started Forward Password Requests to Wall Directory Watch.
[   42.196892] systemd[1]: Starting Create list of required static device nodes for the current kernel...
         Starting Create list of required st... nodes for the current kernel...
[   42.319859] systemd[1]: Starting Monitoring of LVM2 mirrors, snapshots etc. using dmeventd or progress polling...
         Starting Monitoring of LVM2 mirrors... dmeventd or progress polling...
[   42.526676] systemd[1]: Mounting POSIX Message Queue File System...
         Mounting POSIX Message Queue File System...
[   42.572387] systemd[1]: Starting Nameserver information manager...
         Starting Nameserver information manager...
[  47237] ysmd[1: isteninon Journal Socke (dev/og.
[[0;32m  OK  [0m] Listening on Journal Socket (/dev/log).
[   43.260095] systemd[1]: Starting Journal Service...
         Starting Journal Service...
[   43.288104] systemd[1]: Listening on LVM2 poll daemon socket.
[[0;32m  OK  [0m] Listening on LVM2 poll daemon socket.
[ 43045] sstem[1 Mnt Huge Pags le System.
[[0;32m  OK  [0m] Mounted Huge Pages File System.
[   43.977564] systemd[1]: Mounted Debug File System.
[[0;32m  OK  [0m] Mounted Debug File System.
[   44.075884] systemd[1]: Mounted POSIX Message Queue File System.
[[0;32m  OK  [0m] Mounted POSIX Message Queue File System.
[ 446872 sted[1]: Started JornalSeic
[[0;32m  OK  [0m] Started Journal Service.
[[0;32m  OK  [0m] Started Load Kernel Modules.
[[0;32m  OK  [0m] Started Set console keymap.
[[0;32m  OK  [0m] Started Remount Root and Kernel File Systems.
[[0;32m  OK  [0m] Started Uncomplicated firewall.
[[0;32m  OK  [0m] Started Create list of required sta...ce nodes for the current kernel.
[[0;32m  OK  [0m] Started Nameserver information manager.
[[0;32m  OK  [0m] Started LVM2 metadata daemon.
         Starting Create Static Device Nodes in /dev...
         Starting udev Coldplug all Devices...
         Starting Load/Save Random Seed...
         Mounting FUSE Control File System...
         Starting Apply Kernel Variables...
         Starting Flush Journal to Persistent Storage...
[[0;32m  OK  [0m] Mounted FUSE Control File System.
[[0;32m  OK  [0m] Started Load/Save Random Seed.
[[0;32m  OK  [0m] Started udev Coldplug all Devices.
[   45.683533] systemd-journald[430]: Received request to flush runtime journal from PID 1
[[0;32m  OK  [0m] Started Flush Journal to Persistent Storage.
[[0;32m  OK  [0m] Started Apply Kernel Variables.
[[0;32m  OK  [0m] Started Monitoring of LVM2 mirrors,...ng dmeventd or progress polling.
[[0;32m  OK  [0m] Started Create Static Device Nodes in /dev.
         Starting udev Kernel Device Manager...
[[0;32m  OK  [0m] Started udev Kernel Device Manager.
[[0;32m  OK  [0m] Reached target Local File Systems (Pre).
[[0;32m  OK  [0m] Reached target Local File Systems.
         Starting Run snappy firstboot setup...
         Starting LSB: AppArmor initialization...
         Starting Create Volatile Files and Directories...
         Starting Initial cloud-init job (pre-networking)...
         Starting Set console font and keymap...
         Starting Tell Plymouth To Write Out Runtime Data...
[[0;32m  OK  [0m] Started Dispatch Password Requests to Console Directory Watch.
[[0;32m  OK  [0m] Found device /dev/ttyS0.
[[0;32m  OK  [0m] Listening on Load/Save RF Kill Switch Status /dev/rfkill Watch.
[[0;32m  OK  [0m] Started Create Volatile Files and Directories.
[[0;32m  OK  [0m] Started Tell Plymouth To Write Out Runtime Data.
[[0;32m  OK  [0m] Reached target System Time Synchronized.
         Starting Update UTMP about System Boot/Shutdown...
[[0;32m  OK  [0m] Found device 82540EM Gigabit Ethern...r (PRO/1000 MT Desktop Adapter).
[[0;32m  OK  [0m] Found device 82540EM Gigabit Ethern...r (PRO/1000 MT Desktop Adapter).
[[0;32m  OK  [0m] Started Update UTMP about System Boot/Shutdown.
[[0;32m  OK  [0m] Started Set console font and keymap.
[[0;32m  OK  [0m] Created slice system-getty.slice.
[[0;32m  OK  [0m] Started Run snappy firstboot setup.
[[0;32m  OK  [0m] Started LSB: AppArmor initialization.
[[0;32m  OK  [0m] Reached target System Initialization.
[[0;32m  OK  [0m] Listening on ACPID Listen Socket.
         Starting LXD - unix socket.
[[0;32m  OK  [0m] Started Timer to automatically refresh installed snaps.
[[0;32m  OK  [0m] Started ACPI Events Check.
[[0;32m  OK  [0m] Listening on UUID daemon activation socket.
[[0;32m  OK  [0m] Listening on D-Bus System Message Bus Socket.
[[0;32m  OK  [0m] Started Daily apt activities.
         Starting Socket activation for snappy daemon.
[[0;32m  OK  [0m] Started Daily Cleanup of Temporary Directories.
[[0;32m  OK  [0m] Reached target Timers.
[[0;32m  OK  [0m] Started Trigger resolvconf update for networkd DNS.
[[0;32m  OK  [0m] Reached target Paths.
[[0;32m  OK  [0m] Listening on LXD - unix socket.
[[0;32m  OK  [0m] Listening on Socket activation for snappy daemon.
[[0;32m  OK  [0m] Reached target Sockets.
[[0;32m  OK  [0m] Reached target Basic System.
[[0;32m  OK  [0m] Started FUSE filesystem for LXC.
         Starting Login Service...
[[0;32m  OK  [0m] Started Snappy daemon.
         Starting LSB: Record successful boot for GRUB...
[[0;32m  OK  [0m] Started Regular background program processing daemon.
         Starting LXD - container startup/shutdown...
         Starting Accounts Service...
         Starting System Logging Service...
[[0;32m  OK  [0m] Started ACPI event daemon.
         Starting LSB: MD monitoring daemon...
         Starting Daily apt activities...
[[0;32m  OK  [0m] Started Deferred execution scheduler.
[[0;32m  OK  [0m] Started D-Bus System Message Bus.
[[0;32m  OK  [0m] Started System Logging Service.
[[0;32m  OK  [0m] Started Login Service.
[[0;32m  OK  [0m] Started LSB: Record successful boot for GRUB.
[[0;32m  OK  [0m] Started LSB: MD monitoring daemon.
         Starting Authenticate and Authorize Users to Run Privileged Tasks...
[[0;32m  OK  [0m] Started LXD - container startup/shutdown.
[[0;32m  OK  [0m] Started Authenticate and Authorize Users to Run Privileged Tasks.
[[0;32m  OK  [0m] Started Accounts Service.
[[0;32m  OK  [0m] Started Daily apt activities.
[   43.137054] cloud-init[503]: Cloud-init v. 0.7.8 running 'init-local' at Tue, 13 Dec 2016 20:56:43 +0000. Up 42.19 seconds.
[[0;32m  OK  [0m] Started Initial cloud-init job (pre-networking).
[[0;32m  OK  [0m] Reached target Network (Pre).
[[0;32m  OK  [0m] Started ifup for enp0s8.
[[0;32m  OK  [0m] Started ifup for enp0s3.
         Starting Raise network interfaces...
[[0;32m  OK  [0m] Started Raise network interfaces.
[[0;32m  OK  [0m] Reached target Network.
         Starting MySQL Community Server...
         Starting Initial cloud-init job (metadata service crawler)...
[   46.514066] cloud-init[1177]: Cloud-init v. 0.7.8 running 'init' at Tue, 13 Dec 2016 20:56:45 +0000. Up 44.23 seconds.
[   46.529525] cloud-init[1177]: ci-info: ++++++++++++++++++++++++++++++++++++++Net device info++++++++++++++++++++++++++++++++++++++
[   46.588411] cloud-init[1177]: ci-info: +--------+------+-----------------------------+---------------+-------+-------------------+
[   46.588759] cloud-init[1177]: ci-info: | Device |  Up  |           Address           |      Mask     | Scope |     Hw-Address    |
[[0;32m  OK  [0m] Started Initial cloud-init job (metadata service crawler).
[   46.588999] cloud-init[1177]: ci-info: +--------+------+-----------------------------+---------------+-------+-------------------+
[   46.729840] cloud-init[1177]: ci-info: | enp0s8 | True |        192.168.33.10        | 255.255.255.0 |   .   | 08:00:27:13:ce:2d |
[   46.730584] cloud-init[1177]: ci-info: | enp0s8 | True | fe80::a00:27ff:fe13:ce2d/64 |       .       |  link | 08:00:27:13:ce:2d |
[[0;32m  OK  [0m] Reached target Network is Online.
[   46.730842] cloud-init[1177]: ci-info: | enp0s3 | True |          10.0.2.15          | 255.255.255.0 |   .   | 02:0f:4e:0b:d6:d4 |
[   47.041553] cloud-init[1177]: ci-info: | enp0s3 | True |  fe80::f:4eff:fe0b:d6d4/64  |       .       |  link | 02:0f:4e:0b:d6:d4 |
[   47.042624] cloud-init[1177]: ci-info: |   lo   | True |          127.0.0.1          |   255.0.0.0   |   .   |         .         |
         Starting /etc/rc.local Compatibility...
[   47.044080] cloud-init[1177]: ci-info: |   lo   | True |           ::1/128           |       .       |  host |         .         |
[   47.225091] cloud-init[1177]: ci-info: +--------+------+-----------------------------+---------------+-------+-------------------+
[   47.225871] cloud-init[1177]: ci-info: ++++++++++++++++++++++++++++Route IPv4 info++++++++++++++++++++++++++++
         Starting iSCSI initiator daemon (iscsid)...
[   47.226149] cloud-init[1177]: ci-info: +-------+--------------+----------+---------------+-----------+-------+
[   47.379951] cloud-init[1177]: ci-info: | Route | Destination  | Gateway  |    Genmask    | Interface | Flags |
[[0;32m  OK  [0m] Reached target Cloud-config availability.
[   47.382049] cloud-init[1177]: ci-info: +-------+--------------+----------+---------------+-----------+-------+
[   47.661240]          cloud-initStarting Apply the settings specified in cloud-config...[1177]: 
ci-info: |   0   |   0.0.0.0    | 10.0.2.2 |    0.0.0.0    |   enp0s3  |   UG  |
[   47.726380] cloud-init[1177]: ci-info: |   1   |   10.0.2.0   | 0.0.0.0  | 255.255.255.0 |   enp0s3  |   U   |
[   47.729417] cloud-init[1177]: ci-info: |   2   | 192.168.33.0 | 0.0.0.0  | 255.255.255.0 |   enp0s8  |   U   |
[   47.732376] cloud-init[1177]: ci-info: +-------+--------------+----------+---------------+-----------+-------+
         Starting OpenBSD Secure Shell server...
[[0;32m  OK  [0m] Started /etc/rc.local Compatibility.
[[0;32m  OK  [0m] Started iSCSI initiator daemon (iscsid).
         Starting Login to default iSCSI targets...
[[0;32m  OK  [0m] Started Login to default iSCSI targets.
[[0;32m  OK  [0m] Reached target Remote File Systems (Pre).
[[0;32m  OK  [0m] Reached target Remote File Systems.
         Starting LSB: daemon to balance interrupts for SMP systems...
         Starting LSB: Set the CPU Frequency Scaling governor to "ondemand"...
         Starting LSB: VirtualBox Linux Additions...
[   48.988766] cloud-init[1265]: Cloud-init v. 0.7.8 running 'modules:config' at Tue, 13 Dec 2016 20:56:49 +0000. Up 48.11 seconds.
         Starting LSB: Apache2 web server...
         Starting Permit User Sessions...
         Starting LSB: automatic crash report generation...
[[0;32m  OK  [0m] Started Apply the settings specified in cloud-config.
[[0;32m  OK  [0m] Started Permit User Sessions.
[[0;32m  OK  [0m] Started LSB: Set the CPU Frequency Scaling governor to "ondemand".
         Starting Hold until boot process finishes up...
         Starting Terminate Plymouth Boot Screen...
[[0;32m  OK  [0m] Started Hold until boot process finishes up.
[[0;32m  OK  [0m] Started Terminate Plymouth Boot Screen.
         Starting Set console scheme...
[[0;32m  OK  [0m] Started Getty on tty1.
[[0;32m  OK  [0m] Started Serial Getty on ttyS0.
[[0;32m  OK  [0m] Reached target Login Prompts.
[[0;32m  OK  [0m] Started Set console scheme.
[[0;32m  OK  [0m] Started LSB: daemon to balance interrupts for SMP systems.
[[0;32m  OK  [0m] Started LSB: automatic crash report generation.
[[0;32m  OK  [0m] Started OpenBSD Secure Shell server.
[[0;32m  OK  [0m] Started LSB: VirtualBox Linux Additions.
[[0;32m  OK  [0m] Started MySQL Community Server.
[   56.396307] cloud-init[1421]: Cloud-init v. 0.7.8 running 'modules:final' at Tue, 13 Dec 2016 20:56:56 +0000. Up 55.90 seconds.
[   56.404640] cloud-init[1421]: Cloud-init v. 0.7.8 finished at Tue, 13 Dec 2016 20:56:57 +0000. Datasource DataSourceNoCloud [seed=/dev/sdb][dsmode=net].  Up 56.38 seconds

Ubuntu 16.04.1 LTS ubuntu-xenial ttyS0

ubuntu-xenial login: 